return  getNativeType(UNKNOWN_TYPE);
. returngetNativeType(UNKNOWN_TYPE);
 return (UNKNOWN_TYPE);
return getNativeType(EMPTY_TYPE);
return getNativeType(EMPTY);
. return null;
. return getNativeType(EMPTY);
 return null;
. return EMPTY;
. return getNativeType(EMPTY_TYPE);
. return getNativeType(null);
, return getNativeType(UNKNOWN_TYPE);
. return getType(UNKNOWN_TYPE);
, return getNativeType(EMPTY);
return  this.getNativeType(UNKNOWN_TYPE);
, return getNativeType(EMPTY_TYPE);
, return getNativeType(null);
return getNativeType(EMPTY_RETURN_TYPE);
return  getType(UNKNOWN_TYPE);
, return getNativeType(EMPTY_TYPE;
. return EMPTY_TYPE;
. return getNativeType(EMPTY_TYPE;
 return getNativeType(null);
. return getNativeType(NULL_TYPE);
. return getNativeType(EMPTY_UNKNOWN_TYPE);
, return getNativeType(NULL_TYPE);
, return EMPTY_TYPE;
, return getNativeType(EMPTY);;
. return getNativeType(NO_TYPE);
, return getNativeType(null);;
. return getNativeType(EMPTY);;
. return getNativeType(JS_UNKNOWN_TYPE);
. return getNativeType(UNUNKNOWN_TYPE);
 return empty(scope);
, return getNativeType(JS_UNKNOWN_TYPE);
return getNativeType(NO_RETURN_VALUE_TYPE);
. return getNativeType(_UNKNOWN_TYPE);
, return getNativeType(null;
, return getNativeType(NO_TYPE);
return getNativeType(EMPTY_RETURN_STRING);
 return getNativeType(EMPTY_TYPE;
. return getNativeType(EMPTYTYPE);
. return getNativeType(STRING_UNKNOWN_TYPE);
, return getNativeType(NULL_TYPE;
return getNativeType(NO_RETURN_TYPE);
, return EMPTY;
. return getNativeType(null);;
return getNativeType(NULL_RETURN_TYPE);
, return this.getNativeType(UNKNOWN_TYPE);
. return getNativeType(null;
return getNativeType(NULL_RETURN_VALUE_TYPE);
, return the unknown type. return getNativeType(UNKNOWN_TYPE);
return  null; return getNativeType(UNKNOWN_TYPE);
. return getType(null);
, return getNativeType(NONE_TYPE;
, return empty type. return getNativeType(UNKNOWN_TYPE);
, return getNativeType(STRING_UNKNOWN_TYPE);
, return getNativeType(NONE_TYPE);
return getNativeType(NULL_TYPE);
, return getNativeType(EMPTY_UNKNOWN_TYPE);
, return empty. return getNativeType(UNKNOWN_TYPE);
return getNativeType(EMPTY_STRING_TYPE);
. return empty(scope);
, return emptyType(scope);
, the unknown type is returned.
, return an unknown type. return getNativeType(UNKNOWN_TYPE);
. return create(UNKNOWN_TYPE);
return  null return getNativeType(UNKNOWN_TYPE);
return getNativeType(UNKNOWN_TYPE) return getNativeType(EMPTY_TYPE);
. return null);
, the unknown type. return getNativeType(UNKNOWN_TYPE);
. return getNativeType(NONE_TYPE);
, return getNativeType(UNUNKNOWN_TYPE);
. return getNativeType(empty);
. return get(UNKNOWN_TYPE);
. return getNativeType(REFERENCE_UNKNOWN_TYPE);
, return empty. return getNativeType(empty);
, return the unknown type. return getType(UNKNOWN_TYPE);
. return getNativeType(PROPERTY_UNKNOWN_TYPE);
 return emptyType(scope);
, return getNativeType(empty);;
, return the unknown type return getNativeType(UNKNOWN_TYPE);
. return getNativeType(VALUE_UNKNOWN_TYPE);
. return this.getNativeType(UNKNOWN_TYPE);
return getNativeType(EMPTY_RESULT_TYPE);
, the unknown type return getNativeType(UNKNOWN_TYPE);
, return getNativeType(_UNKNOWN_TYPE);
return getNativeType(NO_RETURNVALUE);
. return emptyType(scope);
return getNativeType(EMPTY_RETURNTYPE);
, the empty type return getNativeType(UNKNOWN_TYPE);
return getNativeType(EMPTY_FUNCTION);
. return getNativeType(TYPE.UNKNOWN_TYPE);
return getNativeType(EMPTY_STRING);
 return null);
. return getNativeType(empty);;
 return getNativeType(EMPTY);;
, the empty type. return getNativeType(UNKNOWN_TYPE);
, return getNativeType(empty);
, return getNativeTypeImpl(UNKNOWN_TYPE);
return  empty. return getNativeType(UNKNOWN_TYPE);
, return getNativeType(TYPE.UNKNOWN_TYPE);
, return getType(UNKNOWN_TYPE);
. return getNativeType(MISSING_UNKNOWN_TYPE);
return getNativeType(NULL_RETURN_STRING);
. return (UNKNOWN_TYPE);
, return empty(scope);
return getNativeType(NONNULL_TYPE);
, return getNativeType(NO_TYPE);;
 return getNativeType(NO_TYPE);
, return nativeType(UNKNOWN_TYPE);
, return an unknown type return getNativeType(UNKNOWN_TYPE);
, return getType(null);
, return empty_type;
. return empty_type;
, the unknown type is returned. returngetNativeType(UNKNOWN_TYPE);
return getNativeType(NO_RETURN_VALUE);
. return getNativeType(MISS_UNKNOWN_TYPE);
 return (null);
, return null. return getNativeType(UNUNKNOWN_TYPE);
, this will return getNativeType(UNKNOWN_TYPE);
 return create(UNKNOWN_TYPE);
return getNativeType ( ) ;
. getNativeType(UNKNOWN_TYPE);
, return null return getNativeType(UNKNOWN_TYPE);
return  null. return getNativeType(UNKNOWN_TYPE);
, return getNativeType(emptyType);
return getNativeType(EMPTY_RETURNVALUE);
. return nativeType(UNKNOWN_TYPE);
, return (UNKNOWN_TYPE);
 return getNativeType(null);;
, return getNativeType(NO_VALUE);;
, the unknown type is returned instead.
return getNativeType(UNKNOWN_TYPE) ; return getType ( n ) ;
.
, the unknown type will be returned.
, use the unknown type. return this.getNativeType(UNKNOWN_TYPE);
, the unknown type is returned. return this.getNativeType(UNKNOWN_TYPE);
. return undefined_type;
, return the unknown type. return this.getNativeType(UNKNOWN_TYPE);
return getNativeType(EMPTY_STRING_STRING);
 return getNativeType(null;
, the unknown type is returned. return getNativeType(EMPTY_TYPE);
return getNativeType(NULL_RETURNVALUE);
return getNativeType(UNKNOWN_TYPE); return getEmpty ( ) ;
, return getNamedType(UNKNOWN_TYPE);
, return the unknown type. return emptyType.getNativeType(UNKNOWN_TYPE);
, the unknown type is returned.getNativeType(UNKNOWN_TYPE);
return getNativeType(EMPTY_RETURN_VALUE);
, the undefined type is returned.
. return type(UNKNOWN_TYPE);
, return getNativeType(EMPTY_TYPE); break ; }
, return get(UNKNOWN_TYPE);
, return getNativeType(EMPTY_TYPE));
, use the unknown type. return emptyType.getNativeType(UNKNOWN_TYPE);
, use unknown type. return this.getNativeType(UNKNOWN_TYPE);
return  nativeType(UNKNOWN_TYPE);
, return unknown type. return this.getNativeType(UNKNOWN_TYPE);
return  getNativeType(EMPTY_TYPE));
, use unknown type. returngetNativeType(UNKNOWN_TYPE);
 return get(UNKNOWN_TYPE);
, return unknown type. return emptyType.getNativeType(UNKNOWN_TYPE);
. return "null";
, return empty type. return getNativeTypeInternal(UNKNOWN_TYPE);
, the unknown type is returned
return getNativeType(NULL_RETURNTYPE);
return getNativeType(NONE_TYPE);
, the unknown type is returned. return getNativeType(UNKNOWN_TYPE);
, return emptyType.getNativeType(UNKNOWN_TYPE);
, the unknown type is returned here.
, return empty type. return getNativeTypeImpl(UNKNOWN_TYPE);
 return type(UNKNOWN_TYPE);
, return empty. return empty;
, return getNativeTypeInternal(UNKNOWN_TYPE);
, the unknown type is returned as is.
, return empty type. return this.getNativeType(UNKNOWN_TYPE);
, return getUnspecifiedType(UNKNOWN_TYPE);
, return create(UNKNOWN_TYPE);
 return getNativeType(empty));
, the unknown type is returned. return getNativeType(EMPTY); else
 return getNativeType(empty);;
, return the unknown type.
, return getUnsupportedType(UNKNOWN_TYPE);
, undefined. returngetNativeType(UNKNOWN_TYPE);
, return unknown type.
, return the unknown type return getType(UNKNOWN_TYPE);
, return getNativeType(UNKNOWN_TYPE); else if ( n. hasMoreThanOneChild ( ) )
, the default value is unknown. return this.getNativeType(UNKNOWN_TYPE);
, getNativeType(UNKNOWN_TYPE);
, the default value is undefined. return this.getNativeType(UNKNOWN_TYPE);
, the default value of the function is undefined.
 in the return value of a function.
return getNativeType(ANY_TYPE);
, return this return getNativeType(UNKNOWN_TYPE);
, return getNativeType(UNKNOWN_TYPE); else if ( n. isEmpty ( ) ) { return getNativeType ( ) }
return getNativeType(UNKNOWN_TYPE); return getNull ( ) ;
, return getNativeType(UNKNOWN_TYPE); else if ( n. isEmpty ( ) ) return getNativeType(NULL); else
, return getNativeType(UNKNOWN_TYPE); else if ( n. isEmpty ( ) ) return getNativeType(null); else
, return (null);
, return getNativeType(UNKNOWN_TYPE); else if ( n. isEmpty ( ) ) { return getEmptyType ( ) }
. return emptyType;
return  getNamedType(UNKNOWN_TYPE);
return  getEmpty ( ) ;
, the unknown type. return getNativeTypeInternal(UNKNOWN_TYPE);
, return the unknown type. if ( isEmpty ( n. getString ( ) ) )
, the unknown type is returned. return -getNativeType(UNKNOWN_TYPE);
, return getNativeType(UNKNOWN_TYPE); else if ( n. isNull ( ) ) { return getEmptyType ( ) }
,
. return getNativeTypeInternal(UNKNOWN_TYPE);
. return (null);
, the unknown type is returned. return getNativeType(EMPTY); }
return getNativeType(EMPTY_TYPE); break ; }
, the unknown type is used.
 in the return type of a function.
, return getNativeType(EMPTY_TYPE).
, the unknown type is returned. return getNativeType(EMPTY); otherwise
, the unknown type is returned. return _getNativeType(UNKNOWN_TYPE);
 in the AST,
, return getNativeType(UNKNOWN_TYPE); else if ( n. hasMoreThanOneChild ( ) == 0 )
. return getNativeType(EMPTY_TYPE));
, this is an error. return getNativeType(NULL_TYPE); } case Token.UNKNOWN_TYPE:
, return getNativeType(UNKNOWN_TYPE); else if ( n. hasMoreThanOneChild ( ) == false )
 return emptyType(this);
, return getNativeType(UNKNOWN_TYPE); else if ( n. isEmpty ( ) ) { return "Empty" ; }
. return getEmpty(();
return  getNonNullNativeType(UNKNOWN_TYPE);
return  EMPTY_TYPE;
, the unknown type is returned. if (returnValue == -1)
, return getNativeType(UNKNOWN_TYPE); else if ( n. isNullable ( ) ) { return EMPTY ; }
 return getNativeType(UNUNKNOWN_TYPE);
, the unknown type will be returned. if (returnValue == null)
, return getNativeType(UNKNOWN_TYPE); else if ( n. hasMoreThanOneChild ( 1 ) )
, return getNativeType(UNKNOWN_TYPE); else if ( n. hasMoreThanOneChild ( ) > 0 )
, the default value of the function will be undefined.
, this is an unknown type. if ( isEmpty ( n. getString ( ) ) )
return  null. return getNativeTypeInternal(UNKNOWN_TYPE);
, the empty type is returned as the unknown type.
, return getNativeType(UNKNOWN_TYPE); else if ( n. isEmpty ( ) ) { return null ; } else
return  null; return getNativeTypeInternal(UNKNOWN_TYPE);
, the default value of the function is unknown.
, the unknown type is returned. return getNativeType(NONE_TYPE);
. return emptyType.getNativeType(UNKNOWN_TYPE);
, the empty type is returned. if (returnValue == null)
, return the unknown type. return create(UNKNOWN_TYPE);
, the empty type is returned as is.
 at all,
 in the AST.
, the empty type is returned as unknown.
return  getPromiseType(UNKNOWN_TYPE);
, empty. returngetNativeType(UNKNOWN_TYPE);
 return getNativeType(_UNKNOWN_TYPE);
, return the unknown type. if ( isEmpty ( n. get ( ) ) )
, the unknown type of the function is returned
, the default value of the function will be the unknown type.
, the default value is returned. if (returnValue == null)
return  this return getNativeType(UNKNOWN_TYPE);
, return getNativeType(UNKNOWN_TYPE); else if ( n. isNull ( ) ) { return null ; } else
, this is an error. return getNativeType(UNKNOWN_TYPE); } case Token.UNKNOWN:
, this is an error. return getNativeType(NONNULL_TYPE); } case Token.UNKNOWN:
, the unknown type is returned. if (returnValue is EMPTY)
, the unknown type is returned. return getNativeType(NULL_TYPE); else
, the empty type is returned. if (returnType == null)
, the unknown type will be returned. if (returnValue == -1)
, the empty type is returned. if (returnValue == -1)
 return getEmpty(();
return  this.createNativeType(UNKNOWN_TYPE);
, the unknown type will be returned. if (returnValue is EMPTY)
return  getNativeType(EMPTY_TYPE).
return getNativeType(NO_VALUE);
return  getNativeTypeInternal(UNKNOWN_TYPE);
, this is an error. return getNativeType(UNKNOWN_TYPE) ; case Token.UNKNOWN:
, the unknown type is returned. if (returnValue == EMPTY)
 in the return value of the original function.
, return getNativeType(UNKNOWN_TYPE); else if ( n. isUndefined ( ) ) { return null ; } else
, return the unknown type. if ( isEmpty ( n. getValue ( ) ) )
, this is an error. return getNativeType(UNKNOWN_TYPE); } case Token.NULL:
, the empty type will be returned as the unknown type.
return  null; return getNativeTypeImpl(UNKNOWN_TYPE);
, the Unknown type returngetNativeType(UNKNOWN_TYPE);
return getNativeType(UNKNOWN_TYPE) return getNativeType(EMPTY_TYPE));
, the unknown type is returned. return getNativeType(NO_TYPE); else
return  null. return getNativeTypeImpl(UNKNOWN_TYPE);
, return getNativeType(UNKNOWN_TYPE); else if ( n. isEmpty ( ) ) { return null ; } else {
, this is an error. return getNativeType(NONNULL_TYPE); case Token.NULL:
, this is an error. return getNativeType(NONNULL_TYPE) ; case Token.UNKNOWN:
, return "UnknownType".getNativeType(UNKNOWN_TYPE);
, return null;
, use unknown type. return _getNativeType(UNKNOWN_TYPE);
, return getNativeType(UNKNOWN_TYPE); else if ( n. hasMoreThanOneChild == 0)
, this is an error. return getNativeType(UNKNOWN_TYPE) ; case Token.NULL:
, the empty type will be used as the default type.
, return empty. break;
return getNativeType(EMPTYTYPE);
, the empty type is returned. if (empty == null)
, return getNativeType(UNKNOWN_TYPE); else if ( n. isNull ( ) ) { return null ; } else {
 return empty(this);
return  getUnsupportedType(UNKNOWN_TYPE);
, the unknown type is returned as the default.
, this is an error. return getNativeType(NONNULL_TYPE); } case Token.NULL:
, return the unknown type. if ( isEmpty ( n ) ) { return null ; }
, return getNativeType(UNKNOWN_TYPE); else if ( n. hasMoreThanOneChild == false)
, return empty type;
, return the unknown type. return _getNativeType(UNKNOWN_TYPE);
, use unknown type. return -getNativeType(UNKNOWN_TYPE);
 as a type,
, the empty type is returned. if (returnValue == 0)
, return getNativeType(NO_RETURN_TYPE); }
, return empty. return null;
, this is an unknown type. if ( isEmpty ( n ) ) { return null ; }
, the default value is returned. if (returnValue == 0)
 as a type.
, the empty type will be returned as the default type.
. return undefined;
, this is an unknown type. if ( isEmpty ( n ) ) return "Unknown type" ;
: return getNativeType(UNKNOWN_TYPE);
, this is an error. return getNativeType(NONNULL_TYPE); case Token.Unknown:
, the empty type is returned as a default.
return  empty. return getNativeTypeInternal(UNKNOWN_TYPE);
, the unknown type is returned as a default.
, return the unknown type. if ( isEmpty ( n ) ) return unknownType ;
, the empty type is returned. if (null == result)
, return the unknown type type.
, this is an error. return getNativeType(UNKNOWN_TYPE); } case Token.NONE:
, this is an error. return getNativeType(UNKNOWN_TYPE); } case Token.ERROR:
return  getNativeType(EMPTY_TYPE); }
, return getNativeType(EMPTY_STRING); }
, the default value of the function is the unknown type
, this is an unknown type. if (! ( n. isFunction ( ) ) ) break ;
, use unknown type. return.getNativeType(UNKNOWN_TYPE);
, this is an error. return getNativeType(UNKNOWN_TYPE); } case Token.UNKNOWNTYPE:
, return getNativeType(EMPTY_TYPE); }
, return null.getNativeType(UNKNOWN_TYPE);
, return the Unknown type.
return  getNativeTypeImpl(UNKNOWN_TYPE);
, return emptyType;
, the unknown type type.
, return the unknown type. if ( isEmpty ( n ) ) return "Unknown type".
, the Unknown type is returned
, the default value is returned. if (! ( n. isFunction ( ) ) ) { }
return getNativeType(UNKNOWN_TYPE) return getNativeType(EMPTY_TYPE).
, return -getNativeType(UNKNOWN_TYPE);
, return the unknown type. if ( isEmpty ( n ) ) return UnknownType ;
. return _getNativeType(UNKNOWN_TYPE);
return getNativeType(NO_RETURN);
, return the unknown type. if (! ( n. getReturnValue ( ) ) ) {
, return the empty type. return getNativeType(null); }
return getNativeType(MISS_TYPE);
. return getNativeType(EMPTY_STRING); }
, return getNativeType(NONNULL_TYPE); }
, return the empty type. return getNativeType(empty); }
, this is an unknown type. if (! ( n. getReturnValue ( ) ) ) {
, return getNativeType(NO_RETURN); }
. return getNativeType(EMPTY_TYPE); }
, the default value of the function is the unknown.
return getNativeType(UNKNOWN_TYPE); return getNativeType(EMPTY); }
, return the unknown type. if ( isEmpty ( n ) ) return "Unknown type."
 by the user,
 in the source type,
 or unknown.
, return getNativeType(EMPTY); }
return  getNativeType(EMPTY_TYPE),
return  getNativeType(NO_RETURN); }
return getNativeType(UNKNOWN_TYPE) ; break ; }
return  getNativeType(EMPTY); }
return getNativeType(NO_RETURN_VALUE_TYPE); }
, return the unknown type. if (! ( n. getReturnValue ( ) ) ) #
, return getNativeType(NONE_TYPE); }
, return getNativeType(NULL_STRING); }
 in the AST
, this is an unknown type. if (! ( n. isFunction ( ) ) ) {
, return.getNativeType(UNKNOWN_TYPE);
return  getNativeType(NULL_STRING); }
return  getNativeType(EMPTY_TYPE');
return getNativeType(UNKNOWN_TYPE) return getNativeType(NULL_TYPE); }
 in the return type,
return getNativeType(empty);
return getNativeType(EMPTY_TYPE); return null; }
 in the return value of the function
return  getNativeType(NONE_TYPE); }
 in the return value.
 in the input type,
return getNativeType(NULL_STRING);
return getNativeType(UNKNOWN_TYPE) return getNativeType(EMPTY); }
return getNativeType(EMPTY_TYPE); return EMPTY; }
. return getNativeType(EMPTY); }
return  getNativeTypeIfNotNull(UNKNOWN_TYPE);
return  getNativeType(emptyType(UNKNOWN_TYPE);
 in the AST. return _getNativeType(UNKNOWN_TYPE);
, return _getNativeType(UNKNOWN_TYPE);
. return -getNativeType(UNKNOWN_TYPE);
return getNativeType(NO_RETURN_TYPE); }
return getNativeType(EMPTY_TYPE); return emptyType; }
return getNativeType(EMPTY_TYPE); return empty; }
, return getNativeType(null); }
return  getNativeType(NIL_TYPE); }
. return n;
, return null);
return getNativeType(NO_RETURN_STRING); }
return getNativeType(EMPTY_STRING); }
return getNativeType(NO_RETURN_VALUE); }
 at all.
return getNativeType(UNKNOWN_TYPE); else return getNativeType(null); }
return getNativeType(NO_RETURN_VALUES); }
return getNativeType(UNKNOWN_TYPE); return getNativeType(null); }
 (empty);
 return empty(();
 return "(UNKNOWN_TYPE);
 return "null);
. return 0;
return getNativeType(UNKNOWN_TYPE); else return getNativeType(empty); }
return getNativeType(UNKNOWN_TYPE); return getType ( ) ; }
... return getNativeType(UNKNOWN_TYPE);
, return getNativeType(emptyType); }
return getNativeType(UNKNOWN_TYPE); return getNativeType(emptyType); }
. return getNativeType(null); }
return getNativeType(UNKNOWN_TYPE); return getNativeType(empty); }
return getNativeType(NULL_TYPE); return getEmptyType(); }
, return getNativeType(EMPTY_STRING)); }
return  getNativeType(null); }
return getNativeType(NONNULL_TYPE); return null; }
, the default value of the function is the unknown value
return getNativeType(EMPTY_TYPE, scope); }
 return undefined;
, the empty type is returned. if (empty == null).
return getNativeType(NONNULL_TYPE); }
return getNativeType(NULL_TYPE); return null; }
return getNativeType(UNKNOWN_TYPE) return getNativeType(null); }
, return getNativeType(empty); }
 by the user
, the empty type is returned. if (null == result).
return getNativeType(UNKNOWN_TYPE); else return getNativeType(this); }
return getNativeType(UNKNOWN_TYPE) return getNativeType(emptyType); }
 (null);
, then
, the empty type is returned as the unknown type. Otherwise
return getNativeType(UNKNOWN_TYPE); return getNativeType(NULL); }
return getNativeType(NO_RETURNVALUE); }
return getNativeType(UNKNOWN_TYPE) or getNativeType(EMPTY); }
, the empty type is returned as an unknown type. Otherwise
, return empty type. return empty; }
 at all
return getNativeType(UNKNOWN_TYPE); return getNativeType(this); }
return getNativeType(UNKNOWN_TYPE) ; return EMPTY ; }
, return the empty type. return null; }
, return getNativeType(EMPTY)); }
return  EMPTY_TYPE.
return getNativeType(UNKNOWN_TYPE) return getNativeType(empty); }
return getNativeType(UNKNOWN_TYPE); return getEmptyType(); }
return getNativeType(UNKNOWN_TYPE); return getType(null); }
return getNativeType(UNKNOWN_TYPE); else return getType(null); }
return  getEmpty ( ) ; }
return  getNativeType(emptyType); }
return getNativeType(UNKNOWN_TYPE) ; return emptyType ; }
, we
 (default);
return  getNativeType(empty); }
 return this);
return getNativeType(emptyType);
, return getEmpty_TYPE(); }
return getNativeType(UNKNOWN_TYPE) ; break ;
return getNativeType(UNKNOWN_TYPE); return getType ( n ) }
return getNativeType(NO_RETURNTYPE); }
, return getEmpty_TYPE; }
, return getType(null); }
 return of(UNKNOWN_TYPE);
return getNativeType(UNKNOWN_TYPE) ; break ; } }
return getNativeType(UNKNOWN_TYPE) return getNativeType(NULL); }
, return getEmpty(scope); }
 correctly,
, return getEmptyType(); }
return  getNativeType(EmptyType); }
return  getNativeType(NULL); }
return  getNativeType(EMPTY)); }
, return getEmptyType();.
return  getNativeType(None); }
return getNativeType(UNKNOWN_TYPE) return getType(null); }
return  getNativeType(Empty); }
. return getEmptyType(); }
, just
return getNativeType ( ; }
 return 0;
return  getType(null); }
 return this;
, return EMPTY; }
 return n;
return getNativeType(UNKNOWN_TYPE) + n.getString(); }
return  EMPTY_TYPE();
return NativeType(UNKNOWN_TYPE);
return getNativeType(EMPTY_STRING)); }
return  null.
return  getEmpty_TYPE; }
return  emptyType(scope); }
, return empty-type. }
return getNativeType(UNKNOWN_TYPE) ; break ; } ;
return  new Type(UNKNOWN_TYPE);
, return the empty type. }
return getNativeType(UNKNOWN_TYPE) return getType(this); }
return  getEmpty_TYPE(); }
return  createType(UNKNOWN_TYPE);
return getNativeType(UNKNOWN_TYPE) return getEmptyType(); }
return getNativeType(UNKNOWN_TYPE); return null; }
, return empty type. }
return getNativeType(UNKNOWN_TYPE) + n.getString()); }
. return EMPTY; }
return getNativeType(UNKNOWN_TYPE); return empty; }
, return EMPTY. Impl
return getNativeType(EmptyType);
return getNativeType(NULLTYPE);
, return empty string. }
 return EMPTY; }
return getNativeType(UNKNOWN_TYPE, sourceName); }
, return null; }
return getNativeType(UNKNOWN_TYPE); return undefined; }
: (UNKNOWN_TYPE);
, return null;.
 return "UNKNOWN_TYPE);
, return empty. }
return getNativeType(UNKNOWN_TYPE); return empty(); }
, return null. }
return  undefined.
return getNativeType(null));
return getNativeType(UNKNOWN_TYPE_TYPE); }
return getNativeType(UNKNOWN_TYPE_NAME); }
return  empty.
return getNativeType(UNKNOWN_TYPE, scope); }
return getNativeType(UNKNOWN_TYPE) return null; }
return  emptyType; }
return getNativeType(NULL);
return getNativeType(UNKNOWN_TYPE) + n; }
return  setNativeType(UNKNOWN_TYPE);
return getNativeType(null).
return getNativeType(UNKNOWN_TYPE) ; } }
return getNativeType(UNKNOWN_TYPE) ; } else
return  createNativeType(UNKNOWN_TYPE);
return getNativeType(UNKNOWN_TYPE) + null; }
. ReturngetNativeType(UNKNOWN_TYPE);
return  null; }
return  isNativeType(UNKNOWN_TYPE);
return  EMPTY ; final
return  new NativeType(UNKNOWN_TYPE);
return getNativeType(None);
return getNativeType(UNKNOWN_TYPE) ; }
return getNativeType(UNKNOWN_TYPE) return ; }
return getNativeType(this);
return  empty type. }
return  empty; }
return  undefined; }
return getNativeType(); }
return  empty. }
return  constant(UNKNOWN_TYPE);
return getNativeType(UNKNOWN_TYPE); break();
return getNativeType();.
return  undefined. }
...
return getNativeType; }
:
return getNativeType().
 then
return getNativeType(UNKNOWN_TYPE)"; }
return getNativeType(UNKNOWN_TYPE)'; }
return getNativeType(UNKNOWN_TYPE)"; case
return getNativeType(UNKNOWN_TYPE)); }
return getNativeType(UNKNOWN_TYPE'); }
return getNativeType(UNKNOWN_TYPE()); }
