 ref.node.getParent() != null &&
return ref.node.getParent()!= null &&
 return ref.getParent() != null &&
return ref.node.getParent() != null ? ref.node :
return ref.node &&
 return ref!= null &&
return ref.node.getParent() != null ? ref.node.getParent :
return ref.node.getParent() !=  null? ref.node.getParent() :
return  (Node)
 ref.node!= null &&
 ref.getParent() != null &&
return ref.node.getParent() &&
 return getParent() != null &&
return ref.node.getParent &&
return ref.node.getParent() !=  null? ref.node.parent :
 return (ref.node) != null &&
return ref.node.getParent().getType() == Token.ASSIGN ||
. return ref.node.getParent() != null &&
return ref.node.getParent().getParent(); return
. return ref!=null &&
return ref.node.getParent() != null ? ref.node.getParent().parent :
 return ref.getParentNode() != null &&
. return ref.node!=null &&
return ref.node.getParent() != null ? ref :
return ref.node.getParent() ? ref.node.getParent() :
 return ((ref) != null &&
return ref. node. getParent ( ) ==
return ref.node.getParent().getParent ||
. return ref.getParentNode() != null &&
return ref.node.getParent().getParentNode(); return
return ref.node.getParent()  == Node.ASSIGN &&
return ref.node.getParent() != null ? ref.node.getParent().node :
. return ref.getParent() != null &&
return ref.node.getParent() ? ref.node.getParent :
return ref.node.getParent().getType() == Token.NAME ||
return ref.node.getParent()  == null ||
return ref.node.getParent().getParent().getParent(); return
return ref.node.getParent(); return
. return ref.node&&
 return!null &&
return ref.node.getParent().getParent; return
return ref.node.getParent().getParent ==
return ref.node.getParent().getParent &&
return ref.node.getParent().getType() == Token.ASSIGN &&
return ref. node. getParentNode ( ) ==
return ref.node.getParent() !=  null? ref.node
return ref.node.parent ==
 return getValueParent(ref) != null &&
return ref.node.getParent().getParent();
return ref.node.getParent().getParent() ==
. return ref.node.parent==null &&
. return ref.node.parent!= null &&
 return ref.parent() != null &&
 return getParentNode() != null &&
. return (ref.node) != null &&
return ref.node.getParent() !=  null? ref.parentNode :
. return ref.node.getParent!=null &&
 return ref.node() != null &&
 return ref.node!= null &&
return ref.node.getParent() ? ref.node.parent :
return ref.node.getParent().getName(); return
return ref.node.getParent().getParent().getParent; return
. return getValueParent(ref) != null &&
. return ref.node.getParentNode() != null &&
return ref.node.getParent()  == Node.ASSIGNMENT &&
 return refNode.getParent() != null &&
return ref.node.getParent().parent ==
return ref.node.getParent().getParentNode();
return ref.node.getParent().getType()!= Token.ASSIGN &&
return ref.node.getParent().getParent() == null ||
return ref.node.getParent().getParent() &&
return  (DefineInfo)
return ref.node.getParent().getParent().getParent ||
return ref.node.getParent().getParent().getParentNode(); return
return ref.node.getParent() != null ? ref.node.getParent() :!
. return ref.node && ref.getParent() != null &&
return ref.node.getParent() ? ref.node.getParent().parent :
. return ref.node.getParent(() != null &&
 if (ref!= null) {
. return (ref.getParent()) != null &&
return ref.node.getParent().getParentNode; return
. return ref.node.parent().getParent() != null &&
 return parent() != null &&
. ref.node = ref.getParentNode() != null &&
. return ref.node.getParent==null &&
return ref.node.getParent() !=  null? null :
. return (ref.node.getParent()) != null &&
return ref.node.getParent() !=  null? ref.node: null;
return ref.node.getParent()  == Node.ASSIGN ||
return ref.node.getParent().getParentNode(); else { return
return ref.node.getParent().getType() == Token.REF ||
. return refNode.getParent() != null &&
 * ref.node = ref.node.parent!= null &&
return ref.node.getParent() ? ref.node :
 return (ref) != null &&
. return (ref.node.getParent() != null &&
return ref.node.getParent() !=  null? refNode :
return ref.node.getParent().getParent(); } return
return ref.node.getParent().getParent()
return ref.node.getParent() !=  null &&!
. return ref.node.getParent(null) != null &&
return ref. node. getParent ||
return ref.node.getParent ==
return ref.node == null ||
return ref.node.getParent() !=  ref.node &&
 return (ref.getParent()) != null &&
return ref.node.getParent().getParent().getParent &&
return ref.node.getParent()  == ref.node &&
return ref.node.getParent().getType() == Token.VALUE ||
. return ref.node.isAssignable&&
return  ref. node. getParent ( )!=
. return getValueParent(ref.node) != null &&
. return ref.node.getParent().parent() != null &&
. return ref.node.parent() != null &&
return  ref.node.getParent().parent ||
return ref.node.getParent().getParent().getParent() ==
return ref.node.getParent(getType() == Token.ASSIGN) ||
return ref.node.getParent().getParent(ref.node);
return  ( Node ) ref. node ; } return
return ref.node.getParent(getType() == Token.ASSIGN ||
return ref.node.getParent(getType() == Token.ASSIGN) &&
return ref. node? ref. node :
. return (ref.node.getParent) != null &&
return ref.node.getParent().getType()!= Token.NAME &&
 if (ref.node!= null) {
. return ref.node.getParentType() != null &&
. ref.node!= null &&
return ref.node.getParent().getParent().getParent().getParent ||
return ref.node.getParent()  == Token.ASSIGNMENT &&
. return ref.nodeParent!= null &&
 if (ref.node!= null)
 * ref.node = ref.node!=null &&
. return ref.node.getParent(0) != null &&
 return ref&&
return  ( Node ) ( Node )
return ref.node.getParent().getType() == Token.AssIGN ||
 return getValueParent() != null &&
return ref.node.getParent()  == Token.ASSIGN &&
return ref.node.getParent().getParent().parent ||
. return ref.node.getParent&&
return  ( Node ) ref. node &&
 return ref.node.getParent(null) != null &&
. return ref.node.node.getParent() != null &&
return ref.node.getParent() !=  null? ref.node: null,
. return ref.node.hasParent&&
 * return ref.node.parent!= null &&
return ref.node.getParent().getParentNode(); } return
return ref.node.parent &&
return ref.node.getParent()  == Node.ASSIGNMENT ||
. return ref.node.hasParent()&&
return ref.node.getParent().getParent().getParent +
 return (ref.node.getParent) != null &&
return  ( Node ) ref. node ; return
return ref. node ; } return
 * return ref.node && ref.getParent() != null &&
. return ref.node.getParent().getParent() != null &&
 return ref.node.getParent(() != null &&
 * return ref.node.parent==null &&
. * if (ref.node!= null) return ref.node.getParent().getParent(); *
. return ref. node. getParent ( )&&
return ref.node.getParent()!==
return ref.node.getParent() !=  null && ref.node &&
. * ref.node = ref.node.getParent(); return
. return ref.getParent(null) != null &&
 return ref.node.parent() != null &&
. return ref.node instanceof Name&&
 * return ref.node.parent().getParent() != null &&
. return ref!==null &&
. return ref.node instanceof Node&&
 * return ref.node.getParent!=null &&
. return ref.node.getParent()==null &&
return ref.node.getParent( )? ref.node.getParent(); :
. ref.node.getParent().parent() != null &&
return ref.node.getParent() !=  null? ref.valueParent :
. return ref.node.getParent(parent) != null &&
return ref.node; return
. * if (ref.node!= null) { return ref.node.getParent().getParent(); }
return ref.node.getParent()  == Node.ASSIGNMENTAL &&
return ref.node.getParent() !=  null? ref. :
return ref.node.getParent() !=  null? ref.parent() :
. return ref.node && ref.node.getParent() != null &&
. if (ref!= null) {
. return (ref.getParent) != null &&
. * return ref.node!=null &&
. return ref.node.isFunction()&&
. * if (ref.node!= null) { return ref.node.getParent(); } else {
return ref.node.getParent(); } return
. return ref.node.getParentNode(() != null &&
 * ref.node = null; ref.node!= null &&
. * if (ref.node instanceof Node) { return ref.node.getParent(); } else {
. * if (ref.node!= null) return ref.node.getParent().getParent(); * else
return ref.node.getParent()  == Token.ASSIGN ||
 return ref(node) != null &&
return ref.node.getParent() !=  null; return
. return ref.node instanceof Var&&
. return ref.node.isName()&&
. return getParentNode() != null &&
return ref.node.getParent(getType() == Token.ASSIGN &&
. ref.node = ref.node.parent() != null &&
. * if (ref.node!= null) return ref.node.getParent().getParentNode(); *
 if (ref!= null)
. ref.node.getParentNode() != null &&
. return ref.node.getParent().parent!= null &&
 return getParent(ref) != null &&
 return ((ref.node) != null &&
return  (VariableNode)
. * if (ref.node.getParent() == null) return ref.node.getParent(); *
. ref.node.getParent() != null &&
return ref.node.getParent().parent =
return ref.node.getParent() !=  null? ref.parent :
. return ref.node==null &&
 return (.node) != null &&
. return ref. node && ref. parent==null &&
 if (ref.node) {
. return ref.node.isVar()&&
. return ref.hasParent&&
. ref.node.getParent().type() != null &&
return ref.node.getParent() !=  NULL? ref.node :
. * return ref.node.getParent() != null &&
. * ref.node = getValueParent(ref); return
. return ref.node.isAssigned()&&
 return (ref.getParent) != null &&
. return getValue(ref) != null &&
 ((ref) != null &&
. return (VAR) ref.node.getParent() != null &&
. return ref.node.getParent().type() != null &&
 return ref.node.hasParent&&
. return ref && ref.node.getParent() != null &&
return ref.node? null :
. * if (ref.node!= null) return ref.node.getParent().getNode(); *
. if (ref!= null)
. return ref.getNode().getParent() != null &&
. ref.node = ref.getParent() != null &&
return ref.node &&!
. * ref.node = getValueParent(ref); * return
return  null ==
. * if (ref.node!= null) return ref.node.getParent().getParent(); else
. return ref.getParent!= null &&
. * if (ref.node instanceof Node) { return ref.node.getParent(); } *
return ref.node.getParent!=
 return ((.node) != null &&
. return ref.node!!= null &&
 * ref.node.getParent!= null &&
. return ref.node && ref..getParent() != null &&
 return getValue(ref) != null &&
. return ref.parentNode!= null &&
. return getParent() != null &&
. * ref.node = ref.node.getParent();
, so if (ref.node!= null && ref.node.isAssignable())
 return ref.getParent(null) != null &&
. ref.node.getParentType() != null &&
. return ref.getParentType() != null &&
 return (ref.node.getParent() != null &&
 return ref.node.isName&&
, so if (ref.node == null) return null; if (ref.node) {
, so if (ref.node == null) return null; if (ref.node)
return ref.node.getParent() ? ref.node.getParent() :!
return ref.node.getParent()  == Node.ASSIGNMENTAL ||
. * return ref.node.parent!= null &&
 * ref.node = refNode.getParent() != null &&
. return ref.parent!=null &&
. return referenceNode.getParent() != null &&
 * return ref.node.node.getParent() != null &&
 return ref..getParent() != null &&
. * ref.node = ref.node.getParent() != null &&
. return (Node) ref.node.getParent() != null &&
, so if (ref.node!= null && ref.node.getParent!= null)
 return (parentNode) != null &&
. * ref.node = ref.node.getParent &&
. return (int) ref.node.getParent() != null &&
 return referenceNode.getParent() != null &&
 if ( ref instanceof Assign ) {
. * ref.node = ref.node.parent; return
. return ref.parent==null &&
. return ref.node() != null &&
, so if (ref.node!= null) return ref.node.getParent(); else
return ref.node.getParentNode();
 * ref.node = node; ref.node!= null &&
return ref.node.getParent() !=  null? ref.node :!
 return ref.getParentType() != null &&
, so if (ref.node!= null) return ref.node.getParent();
. * ref.node = ref.getParent(); return
 * ref.node = ref.parent.parent!= null &&
. ref.getParentNode() != null &&
 if ( ref instanceof Name ) {
. return ref.nodes.getParent() != null &&
. return (String) ref.node.getParent() != null &&
, so if (ref.node!= null && ref.node.getParent()) {
. return getValueParent() != null &&
, so if (ref.node == null) return ref.node.getParent(); else
.getParent() != null &&
. * return ref.node.parent().getParent() != null &&
. return ref.node && refNode.getParent() != null &&
. return ref.node!= null &&ref.node.getParent() != null &&
, so if (ref.node!= null) return ref.node.getParent(); else {
. return ref.nodes().getParent() != null &&
. return ref.isVar&&
. return ref.isName&&
. return ref..getParent() != null &&
. return ref.node!==null &&
. return ref.isVariable&&
. return ref. node ; } return
 return ref.node.isVar&&
return  (NODE)
. return! ref.node.getParent() != null &&
. return ref.parent() != null &&
. return ( Node ) ( Node )
, so if (ref.node!= null) return ref.node.parent; else
 return ref.getNode().getParent() != null &&
. * ref.node = ref.getParent(); * return
 return getValueParent(ref ref) != null &&
, so we need to return the first one if (ref.node.getParent().getType() == Node) {
return ref.node.getParent() !=  null? ref.node: *
. * ref.node = ref.node; * return
. return ref.node; ref.node!= null &&
. * ref.node = (ref.node.getParent() != null &&
. return! ref.null &&
, so if (ref.node!= null) return ref.node.getParentNode(); else
. return ref.node.getParent.getParent() != null &&
, so if (ref.node!= null) return ref.node.getParent(null); else
. * return ref.node && ref.getParent() != null &&
 return (!ref) != null &&
, so the first one wins. return ref.node.getParent() != null &&
. * ref.node = getValueParent(); * return
. return ref==null &&
. return (void) ref.node.getParent() != null &&
. * ref.node.getParent() != null &&
. * ref.node = getValueParent(ref,
, so the first one is the parent node. Node ref.node = ref.node.getParent().getNode ( ) ;
, so if (ref.node!= null) { return ref.node.getParent(); } else
. * ref.node = getValueParent(ref)); * return
. * ref.node = ref.parent; * return
 return ref.hasParent&&
. return valueParent!= null &&
. return (null && ref.node.getParent() != null &&
 return ((parent) != null &&
return ref.parentNode ==
, so the first one is the parent node. Node ref.node = ref.node.getParent().getNode(0);
, and the first one is the parent of the value. Node ref.node = ref.getNode().getParent().getParent();
. return ref.node && (ref.node.getParent() != null &&
. static Node valueParent =
, so if (ref.node!= null) return ref.node.getParentNode(); else {
. * ref.node = ref.getParent(); * ref =
, so the first one is the parent of the value. Node ref = ref. node. getParent ( ) ;
, so we need to return the first one if ( ref. node instanceof Node ) return ref. node ; else {
. return ref. node == null ||
 if (ref.node)
, the first one is the parent return ref.node.getParent() != null &&
, so if (ref.node == null) return ref.node.parent; else
. return ( ( Node ) ref )
. * return ref.nodeParent!= null &&
, so if (ref.node!= null) return ref.node.getParent(); else:
. return ref&&
, so if (ref.node!= null) return ref.node.parent(); else
. * return ref.node && ref.node.getParent() != null &&
return ref.node.getParent(getType() == NAME ||
. return ref.node == null ||ref.node.getParent() != null &&
return ref.node.getParent(true); return
return ref.node.getParent() ? ref :
return ref.node? :
return ref.node.getParent() !=  null? ref.parent
, so the first one is the parent of the value. Node ref.node = ref.getNode ( ) ;
return ref; return
, so if (ref.node!= null) { return ref.node.getParent(); } *
. return (Node) ref.node.node.getParent() != null &&
, and the first one wins. return ref.node.getParent() != null &&
. return ref.ref.node.getParent() != null &&
. ref.node.getParentToken() != null &&
return ref.node.getParent( ) == null? null :
. * ref.node = refNode.getParent() != null &&
, so this is the first one return ref.node.getParent() != null &&
 getParent() != null &&
, and the first one is the parent of the value. Node ref.node = ref.getNode().getParent().getParent;
 return ref.isName&&
. return (!ref) != null &&
return  (Node) return
. static Node parentNode =
. return ref.node && (ref.getParent() != null &&
. return null && ref.node.getParent() != null &&
, so the first one is the current node. return
return  ( ( Node )
, but only one of them can be assigned. Ref ref.node = ref.node.getParent().getParent().getNode(); *
return  ( ( Node ) )
, but only one of them can be assigned. Ref ref.node = ref.node.getParent().getNode().getParent(); *
. return (VariableNode)
 return ref.isVar&&
 return ref.isVariable&&
, the first one is the parent. return ref.node.getParent() != null &&
return ref.parent &&
 * ref.parentNode =
 return ref==null &&
 return.getParent() != null &&
return ref.node.getParent() ? ref.node
, but only one of them can be assigned. Ref ref.node = ref.node.getParent().getNode().getNode(); *
, so we need to return the first one if ( ref. node!= null ) { return ref. node ; } }
. static Node parent = ref.node.getParent() != null &&
 return ref!==null &&
, so we need to return the first one if ( ref. node!= null ) { return ref. node ; } else
return ref.node.getParent( ) == Node.ASSIGN; return
, so the first one is the root node. return
 return nonnull &&
, and the first one is the parent of the value. Node ref.node = ref.node.getParent().getParent(); *
, so the first one is the parent node. Node ref.node = ref.node.getParent().getParentNode(); *
. * var x = 3; * return ref.getParent() != null &&
. * ref.parent = (ref.node.getParent() != null &&
, the first one is the root return ref.node.getParent() != null &&
, so this is the first one. return
. return (ref).node.getParent() != null &&
, the first one is the parent node return ref.node.getParent() != null &&
return ref.node.getParent() !=  null? ref.return
. return ref.node && * ref.node.getParent() != null &&
, but only one of them can be assigned. Ref ref.node = ref.node.getParent().getRefNode(ref); *
. return ( Node ) ref &&
, so the first one is the parent of the current node. if ( ref. node instanceof Node ) { return ref ;
. return ( ( Node ) )
, the first one is the root node return ref.node.getParent() != null &&
, so the first one is the parent node. return
, so the first one is the parent. return
, so we need to return the first one if (ref.node.getParent().getType() == Node) *
, so the first one is the parent node. Node ref.node = ref.node.getParent().getFirstChild(); *
. return ref.&&
, and the first one is the parent of the value. Node ref.node = ref.node.getParent().getNode(); *
. return ref.node instanceof Ref &&node.getParent() != null &&
, but only one of them can be assigned. Ref ref.node = ref.node.getParent().getNode().getReference(); *
, so the first one is the parent of the define.
. return ref.node == null &&ref.node.getParent() != null &&
, so the first one is the parent. return (DefineInfo)
, and the first one is the parent of the define.
. return ref.node.parent &&ref.node.getParent() != null &&
, so the first one is the parent return ref.node.getParent() != null &&
. return ref.node; return ref.node.getParent() != null &&
return ref.node.getParent(getType()); return
 return (parent) != null &&
 return ref.node().getParent() != null &&
. return ref.node &&! ref.node.getParent() != null &&
return ref.node.parent!=
return ref.node.getParent() !=  null?!
return  (node)
, so the first one is the root node return
. * return! ref.node.getParent() != null &&
, and the first one is the parent of the value. Node ref.node = ref.node().getParent().getParent(); *
return ref.node.getParent( )? ref.node: null,
. return (VariableNode) ref.node.getParent() != null &&
, so the first one is the root. return
. return (Node) (ref.node.getParent() != null &&
return ref.node.getParent() ||
, so the first one is the parent. returnref.node.getParent() != null &&
, but the first one is the parent of the define.
. return ref.node.ref.node.getParent() != null &&
. * ref.node!= null &&
 * ref.node = ()
, so the first one is the parent node return
, the first one is the parent node. returnref.node.getParent() != null &&
, the first one is the root node. returnref.node.getParent() != null &&
, so the first one is the parent of the current node.
 ref.parent!= null &&
, the first one is the root. return ref.node.getParent() != null &&
return ref.node.getParent() ? null :
. * var x = 3; return.node.getParent() != null &&
return ref.node.getParent( ). getParent ( )!=
, so the first one is the parent node. return ((Node)
, so the first one is the value. return
, so the first one is the parent of the define
, so this is the first one. returnref.node.getParent() != null &&
, so the first one is the parent of the value.
, so the first one is the parent of the define node
, so the first one is the parent of the value. Node ref.node = ref.getParentNode(); *
return  ()
. return ref.node || (ref.node.getParent() != null &&
, so the first one is the parent of the current node. *
, so the first one is the parent of the define. *
, so the first one is the parent of the current node in the definition
 getParentNode() != null &&
. return (Node) ref && ref.node.getParent() != null &&
. return!null &&
 if (ref.node!= null) {}
, so the first one is the parent return
. return ref.node instanceof Node &&node.getParent() != null &&
. return (void)! ref.node.getParent() != null &&
, so the first one is the parent of the current node in the definition.
. return ref.null &&
. return ( Node ) null ==
return ref.node.getParent(ref); return
return ref.node.parent ||
, so the first one is the parent of the current node. if ( ref. node instanceof Node ) { return ref }
, and the first one is the parent of the define. *
, so the first one is the parent node. return (VariableNode)
, so the first one is the parent of the value. *
return ref.node.getParent(node); return
, so the first one will be the parent of the value. if (ref.node instanceof Node) return ref; else
. return refNode!= null &&
 getValueParent() != null &&
, so the first one is the parent of the current node in the definition *
, so the first one will be the parent of the define. *
, and the first one is the parent of the current node. *
, so the first one will be the parent of the current node. *
, so the first one will be the parent of the current node in the definition
, so the first one is the parent of the current node in the assignment
, but the first one is the parent of the define. *
, so the first one is the parent. * return
, so the first one is the parent of the current node in the declaration
, so the first one will be the parent of the define node.
, so the first one is the parent of the current node. if ( ref. node instanceof Node ) return ref ; #
, so the parent of the current node return
, so the first one is the parent of the current node in the reference.
, so the first one will be the parent.
, so the first one is the value. * return
, so the first one is the parent node returnref.node.getParent() != null &&
return ref.node.getParent( ). getParent(),
, so the first one is the root return
. return (Varn) ref.node.getParent() != null &&
, so the first one is the parent of the current node in the assignment.
, so the first one is the VAR node.
. return (var x = ref.node.getParent() != null &&
, so the parent is the first return ref.node.getParent() != null &&
, so the parent is the first. return
, so the first one will be the parent of the define variable.
. return parentNode!= null &&
, so the first one is the parent of the current node in the AST
, so the first one is the parent of the value
. return local&&
. return (Node)!
, so this is the first. return ref.node.getParent() != null &&
, so the first one is the parent of the definition
, so the first one is the parent of the reference
 return notnull &&
(ref) != null &&
. *
return ref.node.getParent(ref.node &&
, so the first one is the parent of the value for the assignment to. *
return ref.node.getParent() !=  -1 &&
, so the first one wins. return (ref.node.getParent() != null &&
. return (Node) ref.ref.node.getParent() != null &&
, so this is the first one. return (ref.node.getParent() != null &&
, so the first one is the parent node of the value for the assignment. *
 * ref.node = (!)
return ref.node.getParent() != null ? reference :
 return!=null &&
. return ref.node ||!ref.node.getParent() != null &&
. return null == ref.node.getParent() != null &&
. return reference&&
, so the first one is the parent of the value for the assignment. * *
return  null!=
return  (void)
. * return (ref.node.getParent() != null &&
, and the first one is the parent node.
, and the first one is the root node.
 return==null &&
, so the first one is the parent. *
. return reference && ref.node.getParent() != null &&
. return isVar&&
, and the first one is the parent. *
, so the first one is the parent node of the value for the given name.
return ref.node.getParent?
 return get() != null &&
, so the first one is the parent node of the value for the given reference.
 return ref.&&
return  (int)
 if (ref!= null).
 return!ref.getParent() != null &&
return ref.node.getParent(...) &&
return ref.node ||
 return valueParent!= null &&
. return isVariable&&
. * return refNode.getParent() != null &&
. return "ref.node.getParent() != null &&
 (parent) != null &&
return ref.parent ==
 return node==null &&
. ref.getParent() != null &&
 return reference!=null &&
return ref.node.getParent(null,
 return current() != null &&
return  (!)
 return node.getParent() != null &&
. return if(ref.node.getParent() != null &&
 in the same line.
return ref.node.getParent(ref.name)
 return reference&&
. return explicit&&
 return if(ref.node.getParent() != null &&
. return! ref.getParent() != null &&
 (1) != null &&
 return local&&
return ref.node.getParent(node) ==
 return node() != null &&
. ref!= null &&
return ref.node.getParent(null ||
. return ref.name!= null &&
. * return referenceNode.getParent() != null &&
. * ref.parent!= null &&
return refNode =
 in the same call.
. * return.node.getParent() != null &&
return ref.node.getParent(ref &&
return ref.node.getParent() ? :
: ref.node.getParent() != null &&
 in the same line *
 return refNode!= null &&
return ref.node.parent =
return refNode ||
 for the current node.
 return reference.getParent() != null &&
. * *
 for the same name.
 in the same call
return refNode ==
 return!&&
. Return ref.node.getParent() != null &&
 in the assignment.
return refNode &&
 return!(ref.node.getParent() != null &&
 in the same line
 in the case above
 in the assignment *
. return.getParent() != null &&
 reference.getParent() != null &&
 node.getParent() != null &&
 return!ref.node.getParent() != null &&
return ref.node?!
 in the assignment
 in the AST
return ref.node.getParent() != null ? *
. return reference.node.getParent() != null &&
return ref.node ==
 in the case
 and Names.
: ref!= null &&
return ref.node.getParent() !=  null ||
. * get ref.node.getParent() != null &&
. * returns ref.node.getParent() != null &&
. return ref().node.getParent() != null &&
return ref.node.getParent() ?!
 return.node.getParent() != null &&
 return node!= null &&
.
 * *
 *
 return reference.node.getParent() != null &&
: ref.getParent() != null &&
. * return reference.node.getParent() != null &&
return ref.node.getParent() !=  NULL &&
return ref.node.getParent() !=  undefined &&
 return ref().node.getParent() != null &&
: *
 return _ref.node.getParent() != null &&
 reference.node.getParent() != null &&
return ref.node.getParent() !=  ref &&
. return def.node.getParent() != null &&
:!&&
 def.node.getParent() != null &&
return ref.node.getParent() == null &&
 return def.node.getParent() != null &&
return ref.node.getParent() != null and
return ref.node.getParent() > null &&
return ref.node.getParent() != null?
return ref.node.getParent() >= null &&
